
Allocating common symbols
Common symbol       size              file

pAlarm_monitor_State
                    0x4               alarm_monitor.o
pPressure_sensor_State
                    0x4               pressure_sensor.o
pMain_controller_State
                    0x4               mc.o
pressure_sensor_state_id
                    0x1               main.o
pAlarm_State        0x4               alarm.o
MC_state            0x1               main.o
alarm_state_id      0x1               alarm.o
alarm_monitor_state_id
                    0x1               alarm_monitor.o

Memory Configuration

Name             Origin             Length             Attributes
flash            0x08000000         0x00020000         xr
sram             0x20000000         0x00005000         xrw
*default*        0x00000000         0xffffffff

Linker script and memory map


.text           0x08000000      0x3d4
 *(.vectors*)
 .vectors       0x08000000       0x50 startup.o
 *(.text*)
 .text          0x08000050       0x9c alarm.o
                0x08000050                alarm_init
                0x0800005c                set_alarm_on
                0x0800006c                set_alarm_off
                0x0800007c                alarm_waiting
                0x08000094                alarm_on
                0x080000c0                alarm_off
 .text          0x080000ec       0x6c alarm_monitor.o
                0x080000ec                high_pressure_detected
                0x0800010c                alarm_monitor_off
                0x08000124                alarm_monitor_on
 .text          0x08000158      0x10c driver.o
                0x08000158                Delay
                0x0800017c                getPressureVal
                0x08000194                Set_Alarm_actuator
                0x080001e4                GPIO_INITIALIZATION
 .text          0x08000264       0x98 main.o
                0x08000264                setup
                0x080002c0                main
 .text          0x080002fc       0x4c mc.o
                0x080002fc                send_pressure_val
                0x0800031c                MC_pressure_reading
 .text          0x08000348       0x84 pressure_sensor.o
                0x08000348                pressure_sensor_init
                0x08000354                pressure_sensor_reading
                0x0800039c                pressure_sensor_waiting
 .text          0x080003cc        0x8 startup.o
 *(.rodata)

.glue_7         0x080003d4        0x0
 .glue_7        0x00000000        0x0 linker stubs

.glue_7t        0x080003d4        0x0
 .glue_7t       0x00000000        0x0 linker stubs

.vfp11_veneer   0x080003d4        0x0
 .vfp11_veneer  0x00000000        0x0 linker stubs

.v4_bx          0x080003d4        0x0
 .v4_bx         0x00000000        0x0 linker stubs

.iplt           0x080003d4        0x0
 .iplt          0x00000000        0x0 alarm.o

.rel.dyn        0x080003d4        0x0
 .rel.iplt      0x00000000        0x0 alarm.o

.data           0x080003d4        0x0
 *(.data*)
 .data          0x080003d4        0x0 alarm.o
 .data          0x080003d4        0x0 alarm_monitor.o
 .data          0x080003d4        0x0 driver.o
 .data          0x080003d4        0x0 main.o
 .data          0x080003d4        0x0 mc.o
 .data          0x080003d4        0x0 pressure_sensor.o
 .data          0x080003d4        0x0 startup.o

.igot.plt       0x080003d4        0x0
 .igot.plt      0x00000000        0x0 alarm.o

.bss            0x20000000       0x20
 *(.bss*)
 .bss           0x20000000        0x0 alarm.o
 .bss           0x20000000        0x0 alarm_monitor.o
 .bss           0x20000000        0x0 driver.o
 .bss           0x20000000        0x0 main.o
 .bss           0x20000000        0x4 mc.o
 .bss           0x20000004        0x4 pressure_sensor.o
 .bss           0x20000008        0x0 startup.o
 COMMON         0x20000008        0x5 alarm.o
                0x20000008                pAlarm_State
                0x2000000c                alarm_state_id
 *fill*         0x2000000d        0x3 
 COMMON         0x20000010        0x5 alarm_monitor.o
                0x20000010                pAlarm_monitor_State
                0x20000014                alarm_monitor_state_id
 COMMON         0x20000015        0x2 main.o
                0x20000015                pressure_sensor_state_id
                0x20000016                MC_state
 *fill*         0x20000017        0x1 
 COMMON         0x20000018        0x4 mc.o
                0x20000018                pMain_controller_State
 COMMON         0x2000001c        0x4 pressure_sensor.o
                0x2000001c                pPressure_sensor_State
LOAD alarm.o
LOAD alarm_monitor.o
LOAD driver.o
LOAD main.o
LOAD mc.o
LOAD pressure_sensor.o
LOAD startup.o
OUTPUT(High_Pressure_Detection.elf elf32-littlearm)

.debug_info     0x00000000      0x76d
 .debug_info    0x00000000      0x144 alarm.o
 .debug_info    0x00000144      0x103 alarm_monitor.o
 .debug_info    0x00000247      0x103 driver.o
 .debug_info    0x0000034a      0x185 main.o
 .debug_info    0x000004cf      0x109 mc.o
 .debug_info    0x000005d8      0x110 pressure_sensor.o
 .debug_info    0x000006e8       0x85 startup.o

.debug_abbrev   0x00000000      0x3d1
 .debug_abbrev  0x00000000       0x92 alarm.o
 .debug_abbrev  0x00000092       0x94 alarm_monitor.o
 .debug_abbrev  0x00000126       0x9d driver.o
 .debug_abbrev  0x000001c3       0xa5 main.o
 .debug_abbrev  0x00000268       0xb4 mc.o
 .debug_abbrev  0x0000031c       0xa1 pressure_sensor.o
 .debug_abbrev  0x000003bd       0x14 startup.o

.debug_loc      0x00000000      0x394
 .debug_loc     0x00000000      0x108 alarm.o
 .debug_loc     0x00000108       0x84 alarm_monitor.o
 .debug_loc     0x0000018c       0xc8 driver.o
 .debug_loc     0x00000254       0x58 main.o
 .debug_loc     0x000002ac       0x64 mc.o
 .debug_loc     0x00000310       0x84 pressure_sensor.o

.debug_aranges  0x00000000       0xe0
 .debug_aranges
                0x00000000       0x20 alarm.o
 .debug_aranges
                0x00000020       0x20 alarm_monitor.o
 .debug_aranges
                0x00000040       0x20 driver.o
 .debug_aranges
                0x00000060       0x20 main.o
 .debug_aranges
                0x00000080       0x20 mc.o
 .debug_aranges
                0x000000a0       0x20 pressure_sensor.o
 .debug_aranges
                0x000000c0       0x20 startup.o

.debug_line     0x00000000      0x2c2
 .debug_line    0x00000000       0x54 alarm.o
 .debug_line    0x00000054       0x5e alarm_monitor.o
 .debug_line    0x000000b2       0x9c driver.o
 .debug_line    0x0000014e       0x94 main.o
 .debug_line    0x000001e2       0x43 mc.o
 .debug_line    0x00000225       0x62 pressure_sensor.o
 .debug_line    0x00000287       0x3b startup.o

.debug_str      0x00000000      0x37c
 .debug_str     0x00000000      0x143 alarm.o
                                0x18f (size before relaxing)
 .debug_str     0x00000143       0xa5 alarm_monitor.o
                                0x196 (size before relaxing)
 .debug_str     0x000001e8       0x55 driver.o
                                0x146 (size before relaxing)
 .debug_str     0x0000023d       0xb8 main.o
                                0x253 (size before relaxing)
 .debug_str     0x000002f5       0x30 mc.o
                                0x168 (size before relaxing)
 .debug_str     0x00000325       0x57 pressure_sensor.o
                                0x1c1 (size before relaxing)

.comment        0x00000000       0x11
 .comment       0x00000000       0x11 alarm.o
                                 0x12 (size before relaxing)
 .comment       0x00000000       0x12 alarm_monitor.o
 .comment       0x00000000       0x12 driver.o
 .comment       0x00000000       0x12 main.o
 .comment       0x00000000       0x12 mc.o
 .comment       0x00000000       0x12 pressure_sensor.o

.ARM.attributes
                0x00000000       0x31
 .ARM.attributes
                0x00000000       0x33 alarm.o
 .ARM.attributes
                0x00000033       0x33 alarm_monitor.o
 .ARM.attributes
                0x00000066       0x33 driver.o
 .ARM.attributes
                0x00000099       0x33 main.o
 .ARM.attributes
                0x000000cc       0x33 mc.o
 .ARM.attributes
                0x000000ff       0x33 pressure_sensor.o
 .ARM.attributes
                0x00000132       0x21 startup.o

.debug_frame    0x00000000      0x270
 .debug_frame   0x00000000       0xa8 alarm.o
 .debug_frame   0x000000a8       0x60 alarm_monitor.o
 .debug_frame   0x00000108       0x78 driver.o
 .debug_frame   0x00000180       0x48 main.o
 .debug_frame   0x000001c8       0x48 mc.o
 .debug_frame   0x00000210       0x60 pressure_sensor.o
