
Memory Configuration

Name             Origin             Length             Attributes
Mem              0x00000000         0x04000000         xrw
*default*        0x00000000         0xffffffff

Linker script and memory map

                0x00010000                        . = 0x10000

.startup        0x00010000       0x10
 startup.o*(.text)
 .text          0x00010000       0x10 startup.o
                0x00010000                reset

.text           0x00010010       0xd8
 *(.text)
 .text          0x00010010       0x1c app.o
                0x00010010                main
 .text          0x0001002c       0x58 uart.o
                0x0001002c                UART_SEND_STRING
 *(.rodata)
 .rodata        0x00010084       0x64 app.o
                0x00010084                string_buffer2

.glue_7         0x000100e8        0x0
 .glue_7        0x000100e8        0x0 linker stubs

.glue_7t        0x000100e8        0x0
 .glue_7t       0x000100e8        0x0 linker stubs

.vfp11_veneer   0x000100e8        0x0
 .vfp11_veneer  0x000100e8        0x0 linker stubs

.v4_bx          0x000100e8        0x0
 .v4_bx         0x000100e8        0x0 linker stubs

.iplt           0x000100e8        0x0
 .iplt          0x000100e8        0x0 app.o

.rel.dyn        0x000100e8        0x0
 .rel.iplt      0x000100e8        0x0 app.o

.data           0x000100e8       0x64
 *(.data)
 .data          0x000100e8       0x64 app.o
                0x000100e8                string_buffer
 .data          0x0001014c        0x0 uart.o
 .data          0x0001014c        0x0 startup.o

.igot.plt       0x0001014c        0x0
 .igot.plt      0x0001014c        0x0 app.o

.bss            0x0001014c        0x0
 *(.bss)
 .bss           0x0001014c        0x0 app.o
 .bss           0x0001014c        0x0 uart.o
 .bss           0x0001014c        0x0 startup.o
 *(.COMMON)
                0x0001114c                        . = (. + 0x1000)
                0x0001114c                        stack_top = .
LOAD app.o
LOAD uart.o
LOAD startup.o
OUTPUT(learn-in-depth.elf elf32-littlearm)
LOAD linker stubs

.debug_info     0x00000000      0x1e1
 .debug_info    0x00000000      0x106 app.o
 .debug_info    0x00000106       0xb5 uart.o
 .debug_info    0x000001bb       0x26 startup.o

.debug_abbrev   0x00000000      0x127
 .debug_abbrev  0x00000000       0xa4 app.o
 .debug_abbrev  0x000000a4       0x6f uart.o
 .debug_abbrev  0x00000113       0x14 startup.o

.debug_loc      0x00000000       0x70
 .debug_loc     0x00000000       0x2c app.o
 .debug_loc     0x0000002c       0x44 uart.o

.debug_aranges  0x00000000       0x60
 .debug_aranges
                0x00000000       0x20 app.o
 .debug_aranges
                0x00000020       0x20 uart.o
 .debug_aranges
                0x00000040       0x20 startup.o

.debug_line     0x00000000      0x33b
 .debug_line    0x00000000      0x17c app.o
 .debug_line    0x0000017c      0x185 uart.o
 .debug_line    0x00000301       0x3a startup.o

.debug_str      0x00000000      0x15f
 .debug_str     0x00000000      0x12e app.o
                                0x16a (size before relaxing)
 .debug_str     0x0000012e       0x19 uart.o
                                0x152 (size before relaxing)
 .debug_str     0x00000147       0x18 startup.o
                                 0x59 (size before relaxing)

.comment        0x00000000       0x55
 .comment       0x00000000       0x55 app.o
                                 0x56 (size before relaxing)
 .comment       0x00000055       0x56 uart.o

.ARM.attributes
                0x00000000       0x2a
 .ARM.attributes
                0x00000000       0x2c app.o
 .ARM.attributes
                0x0000002c       0x2c uart.o
 .ARM.attributes
                0x00000058       0x22 startup.o

.debug_frame    0x00000000       0x5c
 .debug_frame   0x00000000       0x2c app.o
 .debug_frame   0x0000002c       0x30 uart.o
