
Allocating common symbols
Common symbol       size              file

bss_var             0xc               main.o

Memory Configuration

Name             Origin             Length             Attributes
flash            0x08000000         0x00020000         xr
sram             0x20000000         0x00005000         xrw
*default*        0x00000000         0xffffffff

Linker script and memory map


.text           0x08000000      0x1a8
 *(.vectors*)
 .vectors       0x08000000       0x1c startup.o
                0x08000000                vetors
 *(.text*)
 .text          0x0800001c       0xbc main.o
                0x0800001c                main
 .text          0x080000d8       0xc4 startup.o
                0x080000d8                MM_Handler
                0x080000d8                Bus_Fault_Handler
                0x080000d8                H_Fault_Handler
                0x080000d8                Usage_Fault_Handler
                0x080000d8                Default_Handler
                0x080000d8                NMI_Handler
                0x080000e4                Reset_Handler
 *(.rodata)
 .rodata        0x0800019c        0xc main.o
                0x0800019c                ro_var
                0x080001a8                _E_text = .

.glue_7         0x080001a8        0x0
 .glue_7        0x00000000        0x0 linker stubs

.glue_7t        0x080001a8        0x0
 .glue_7t       0x00000000        0x0 linker stubs

.vfp11_veneer   0x080001a8        0x0
 .vfp11_veneer  0x00000000        0x0 linker stubs

.v4_bx          0x080001a8        0x0
 .v4_bx         0x00000000        0x0 linker stubs

.iplt           0x080001a8        0x0
 .iplt          0x00000000        0x0 main.o

.rel.dyn        0x080001a8        0x0
 .rel.iplt      0x00000000        0x0 main.o

.data           0x20000000       0x10 load address 0x080001a8
                0x20000000                _S_data = .
 *(.data*)
 .data          0x20000000       0x10 main.o
                0x20000000                R_ODR
                0x20000004                global_var
 .data          0x20000010        0x0 startup.o
                0x20000010                _E_data = .

.igot.plt       0x20000010        0x0 load address 0x080001b8
 .igot.plt      0x00000000        0x0 main.o

.bss            0x20000010     0x100c load address 0x080001b8
                0x20000010                _S_bss = .
 *(.bss*)
 .bss           0x20000010        0x0 main.o
 .bss           0x20000010        0x0 startup.o
                0x20000010                _E_bss = .
                0x20000010                . = ALIGN (0x4)
                0x20001010                . = (. + 0x1000)
 *fill*         0x20000010     0x1000 
                0x20001010                _stack_top = .
 COMMON         0x20001010        0xc main.o
                0x20001010                bss_var
LOAD main.o
LOAD startup.o
OUTPUT(STM32_Toggled_Led.elf elf32-littlearm)

.debug_info     0x00000000      0x4ce
 .debug_info    0x00000000      0x369 main.o
 .debug_info    0x00000369      0x165 startup.o

.debug_abbrev   0x00000000      0x1a5
 .debug_abbrev  0x00000000       0xe5 main.o
 .debug_abbrev  0x000000e5       0xc0 startup.o

.debug_loc      0x00000000       0x9c
 .debug_loc     0x00000000       0x38 main.o
 .debug_loc     0x00000038       0x64 startup.o

.debug_aranges  0x00000000       0x40
 .debug_aranges
                0x00000000       0x20 main.o
 .debug_aranges
                0x00000020       0x20 startup.o

.debug_line     0x00000000      0x152
 .debug_line    0x00000000       0xa0 main.o
 .debug_line    0x000000a0       0xb2 startup.o

.debug_str      0x00000000      0x25e
 .debug_str     0x00000000      0x1e1 main.o
                                0x215 (size before relaxing)
 .debug_str     0x000001e1       0x7d startup.o
                                0x17d (size before relaxing)

.comment        0x00000000       0x11
 .comment       0x00000000       0x11 main.o
                                 0x12 (size before relaxing)
 .comment       0x00000000       0x12 startup.o

.ARM.attributes
                0x00000000       0x33
 .ARM.attributes
                0x00000000       0x33 main.o
 .ARM.attributes
                0x00000033       0x33 startup.o

.debug_frame    0x00000000       0x78
 .debug_frame   0x00000000       0x2c main.o
 .debug_frame   0x0000002c       0x4c startup.o
